
- lhs.ChildStruct.Str: a
+ rhs.ChildStruct.Str: b
