
- lhs.Str: a
+ rhs.Str: b
- lhs.Int: 1
+ rhs.Int: 2
