
- lhs.Get(): 1
+ rhs.Get(): 2
- lhs.(myInt).Get(): 1
+ rhs.(myInt).Get(): 2
- lhs.(myInt): 1
+ rhs.(myInt): 2
